' '
'Building file: ../src/helloworld.c'
'Invoking: ARM v7 gcc compiler'
arm-none-eabi-gcc -Wall -O0 -g3 -c -fmessage-length=0 -MT"src/helloworld.o" -mcpu=cortex-a9 -mfpu=vfpv3 -mfloat-abi=hard -I../../standalone_bsp_0/ps7_cortexa9_0/include -MMD -MP -MF"src/helloworld.d" -MT"src/helloworld.o" -o "src/helloworld.o" "../src/helloworld.c"
In file included from ../src/helloworld.c:4:0:
../../standalone_bsp_0/ps7_cortexa9_0/include/xbasic_types.h:115:2: warning: #warning The xbasics_type.h file is deprecated and users should use xil_types.h and xil_assert. [-Wcpp]
 #warning  The xbasics_type.h file is deprecated and users should use xil_types.h and xil_assert.
  ^~~~~~~
../../standalone_bsp_0/ps7_cortexa9_0/include/xbasic_types.h:116:2: warning: #warning Please refer the Standalone BSP UG647 for further details [-Wcpp]
 #warning  Please refer the Standalone BSP UG647 for further details
  ^~~~~~~
../src/helloworld.c:45:2: warning: #warning CHECK FOR THE VALID DDR ADDRESS IN XPARAMETERS.H, DEFAULT SET TO 0x01000000 [-Wcpp]
 #warning CHECK FOR THE VALID DDR ADDRESS IN XPARAMETERS.H, \
  ^~~~~~~
../src/helloworld.c: In function 'setSPIClockDivision':
../src/helloworld.c:163:7: warning: unused variable 'w' [-Wunused-variable]
   int w;
       ^
../src/helloworld.c: In function 'main':
../src/helloworld.c:911:18: warning: unused variable 'writeVal' [-Wunused-variable]
     int readVal, writeVal;
                  ^~~~~~~~
../src/helloworld.c:911:9: warning: unused variable 'readVal' [-Wunused-variable]
     int readVal, writeVal;
         ^~~~~~~
../src/helloworld.c:909:6: warning: unused variable 'err' [-Wunused-variable]
  int err;
      ^~~
'Finished building: ../src/helloworld.c'
' '
'Building target: axi4_gyro_test_0.elf'
'Invoking: ARM v7 gcc linker'
arm-none-eabi-gcc -mcpu=cortex-a9 -mfpu=vfpv3 -mfloat-abi=hard -Wl,-build-id=none -specs=Xilinx.spec -Wl,-T -Wl,../src/lscript.ld -L../../standalone_bsp_0/ps7_cortexa9_0/lib -o "axi4_gyro_test_0.elf"  ./src/helloworld.o ./src/platform.o   -Wl,--start-group,-lxil,-lgcc,-lc,--end-group
'Finished building target: axi4_gyro_test_0.elf'
' '
'Invoking: ARM v7 Print Size'
arm-none-eabi-size axi4_gyro_test_0.elf  |tee "axi4_gyro_test_0.elf.size"
   text	   data	    bss	    dec	    hex	filename
  45748	   3848	  24536	  74132	  12194	axi4_gyro_test_0.elf
'Finished building: axi4_gyro_test_0.elf.size'
' '
22:52:05 **** Incremental Build of configuration Debug for project axi4_gyro_test_0 ****
make pre-build main-build 
a9-linaro-pre-build-step
' '
make: Nothing to be done for `main-build'.
22:52:11 **** Incremental Build of configuration Debug for project axi4_gyro_test_0 ****
make pre-build main-build 
a9-linaro-pre-build-step
' '
make: Nothing to be done for `main-build'.
22:58:30 **** Incremental Build of configuration Debug for project axi4_gyro_test_0 ****
make pre-build main-build 
a9-linaro-pre-build-step
' '
make: Nothing to be done for `main-build'.
22:59:10 **** Incremental Build of configuration Debug for project axi4_gyro_test_0 ****
make pre-build main-build 
a9-linaro-pre-build-step
' '
make: Nothing to be done for `main-build'.
